Package: aalib1
Old-Version: 1.4p5-22

Package: abiword
Old-Version: 2.4.6-1.1
New-Version: 2.4.6-1.1

Package: abiword-common
Old-Version: 2.4.6-1.1
New-Version: 2.4.6-1.1

Package: abiword-help
Old-Version: 2.4.6-1.1
New-Version: 2.4.6-1.1

Package: abiword-plugins
Old-Version: 2.4.6-0
New-Version: 2.4.6-1.1

Package: abiword-plugins-gnome
Old-Version: 
New-Version: 2.4.6-1.1

