Foo: bar
# baz
Xyzzy: foo
#ytty

Sdd: gh
goo: gaa

