A: foo

B: foo

A: foo
B: foo

A: bar
B: foo

A: foo
B: bar

