+======+=====+
| Foo  | Bar |
+------+-----+
| Ã¤iti | 42  |
+======+=====+
