Package: abiword-plugins-gnome
Status: purge ok not-installed
Priority: optional
Section: gnome

