id: 4
priority: 2

id: 2
priority: 2

id: 5
priority: 1

id: 3
priority: 1

id: 1
priority: 1

