Foo: a
Foo: b

###
Foo: a
Foo: b

###
Foo: a
Foo: b
