Mergefield: 1
Duplicate-field: foo
Mergefield: 1
Duplicate-field: foo

